likedsorter | duplicatas por ISRC (somente listagem; nada é removido)
Faixas verificadas: 1800 | sem ISRC (não comparáveis): 4 | grupos duplicados: 1

ISRC BRABC2000001 (2 versões)
  Legião Urbana: Eduardo e Mônica | Dois (1986) | curtida em 2024-03-02 | t2
  Legião Urbana: Eduardo e Mônica | Mais do Mesmo (1998) | curtida em 2023-05-01 | t1
