likedsorter | estatísticas da biblioteca
Filtro ativo: gênero~rock, desde 2023-01-01

Curtidas no Spotify: 2105 | consideradas: 1800 (ignoradas: 3 locais, 2 indisponíveis, 1 sem ID, 10 duplicadas)
Duração total: 123.4 h | explícitas: 210
Faixas sem gênero: 150

Por década de lançamento: 1980s (100), 1990s (400), 2010s (900)
Curtidas por ano:         2022 (700), 2023 (1100)

Top artistas: Legião Urbana (55), Djavan (40)
Top gêneros:  rock brasileiro (300), mpb (250)
